lib/actions/cart-actions.ts(79,5): error TS2322: Type '{ success: true; }' is not assignable to type 'ApiResponse'.
  Property 'data' is missing in type '{ success: true; }' but required in type 'ApiSuccessResponse<unknown>'.
lib/actions/cart-actions.ts(140,5): error TS2322: Type '{ success: true; }' is not assignable to type 'ApiResponse'.
  Property 'data' is missing in type '{ success: true; }' but required in type 'ApiSuccessResponse<unknown>'.
lib/actions/cart-actions.ts(172,5): error TS2322: Type '{ success: true; }' is not assignable to type 'ApiResponse'.
  Property 'data' is missing in type '{ success: true; }' but required in type 'ApiSuccessResponse<unknown>'.
lib/actions/cart-actions.ts(203,5): error TS2322: Type '{ success: true; }' is not assignable to type 'ApiResponse'.
  Property 'data' is missing in type '{ success: true; }' but required in type 'ApiSuccessResponse<unknown>'.
lib/actions/order-actions.ts(104,7): error TS2353: Object literal may only specify known properties, and 'orderId' does not exist in type 'ApiSuccessResponse<CreateOrderResponse>'.
lib/actions/payment-actions.ts(63,5): error TS2322: Type '{ success: true; }' is not assignable to type 'ApiResponse'.
  Property 'data' is missing in type '{ success: true; }' but required in type 'ApiSuccessResponse<unknown>'.
